// Jest Snapshot v1, https://goo.gl/fbAQLP

exports[`should render as expected 1`] = `
<div
  className="sc-bdVaJa eydJRb"
  style={Object {}}
>
  <div
    className="sc-bwzfXH bJUZVN"
  >
    <header
      className="sc-htpNat lcyfRu"
      style={Object {}}
    >
      <span>
        <div
          className="sc-ifAKCX rpFvk"
        >
          <a
            href="https://gitlab.com/plouc/ploucifier"
            rel="noopener noreferrer"
            target="_blank"
          >
            ploucifier
          </a>
        </div>
        Labels by open issues
        <div
          className="sc-bxivhb eDwDKI"
        >
          3
        </div>
      </span>
      <div
        className="sc-EHOje iJdEwV"
      >
        <svg
          fill="none"
          height="2vmin"
          stroke="#000"
          strokeLinecap="round"
          strokeLinejoin="round"
          strokeWidth="2"
          viewBox="0 0 24 24"
          width="2vmin"
          xmlns="http://www.w3.org/2000/svg"
        >
          <path
            d="M20.59 13.41l-7.17 7.17a2 2 0 0 1-2.83 0L2 12V2h10l8.59 8.59a2 2 0 0 1 0 2.82z"
          />
          <line
            x1="7"
            x2="7"
            y1="7"
            y2="7"
          />
        </svg>
      </div>
    </header>
    <div
      className="sc-bZQynM kFUlyb"
      style={Object {}}
    >
      <div
        style={
          Object {
            "height": "100%",
            "width": "100%",
          }
        }
      >
        <div
          style={
            Object {
              "position": "relative",
            }
          }
        >
          <svg
            height={400}
            width={600}
            xmlns="http://www.w3.org/2000/svg"
          >
            <g
              transform="translate(10,10)"
            >
              <circle
                className="nivo_bubble_node"
                onMouseEnter={[Function]}
                onMouseLeave={[Function]}
                onMouseMove={[Function]}
                r={100.58708222343544}
                style={
                  Object {
                    "fill": "#F00",
                    "stroke": "#F00",
                    "strokeWidth": 0,
                  }
                }
                transform="translate(204.73567289408075,166.58466790532816)"
              />
              <circle
                className="nivo_bubble_node"
                onMouseEnter={[Function]}
                onMouseLeave={[Function]}
                onMouseMove={[Function]}
                r={85.0116005118636}
                style={
                  Object {
                    "fill": "#F0F",
                    "stroke": "#F0F",
                    "strokeWidth": 0,
                  }
                }
                transform="translate(391.3262167851995,166.58466790532816)"
              />
              <circle
                className="nivo_bubble_node"
                onMouseEnter={[Function]}
                onMouseLeave={[Function]}
                onMouseMove={[Function]}
                r={72.7995853639637}
                style={
                  Object {
                    "fill": "#00F",
                    "stroke": "#00F",
                    "strokeWidth": 0,
                  }
                }
                transform="translate(311.9369644907279,304.11922489614494)"
              />
              <text
                className="nivo_bubble_legend"
                dy={5}
                style={
                  Object {
                    "fill": Rgb {
                      "b": 0,
                      "g": 0,
                      "opacity": 1,
                      "r": 144.11097101734254,
                    },
                    "pointerEvents": "none",
                  }
                }
                textAnchor="middle"
                transform="translate(204.73567289408075,166.58466790532816)"
              >
                label A 21
              </text>
              <text
                className="nivo_bubble_legend"
                dy={5}
                style={
                  Object {
                    "fill": Rgb {
                      "b": 144.11097101734254,
                      "g": 0,
                      "opacity": 1,
                      "r": 144.11097101734254,
                    },
                    "pointerEvents": "none",
                  }
                }
                textAnchor="middle"
                transform="translate(391.3262167851995,166.58466790532816)"
              >
                label B 15
              </text>
              <text
                className="nivo_bubble_legend"
                dy={5}
                style={
                  Object {
                    "fill": Rgb {
                      "b": 144.11097101734254,
                      "g": 0,
                      "opacity": 1,
                      "r": 0,
                    },
                    "pointerEvents": "none",
                  }
                }
                textAnchor="middle"
                transform="translate(311.9369644907279,304.11922489614494)"
              >
                label C 11
              </text>
            </g>
          </svg>
        </div>
      </div>
    </div>
  </div>
</div>
`;
