// Jest Snapshot v1, https://goo.gl/fbAQLP

exports[`should render as expected 1`] = `
<div
  className="sc-bdVaJa eydJRb"
  style={Object {}}
>
  <div
    className="sc-bwzfXH bJUZVN"
  >
    <header
      className="sc-htpNat lcyfRu"
      style={Object {}}
    >
      <span>
        <div
          className="sc-ifAKCX rpFvk"
        >
          <a
            href="https://gitlab.com/plouc/ploucifier"
            rel="noopener noreferrer"
            target="_blank"
          >
            ploucifier
          </a>
        </div>
        Labels by open issues
        <div
          className="sc-bxivhb eDwDKI"
        >
          3
        </div>
      </span>
      <div
        className="sc-EHOje iJdEwV"
      >
        <svg
          fill="none"
          height="2vmin"
          stroke="#000"
          strokeLinecap="round"
          strokeLinejoin="round"
          strokeWidth="2"
          viewBox="0 0 24 24"
          width="2vmin"
          xmlns="http://www.w3.org/2000/svg"
        >
          <path
            d="M20.59 13.41l-7.17 7.17a2 2 0 0 1-2.83 0L2 12V2h10l8.59 8.59a2 2 0 0 1 0 2.82z"
          />
          <line
            x1="7"
            x2="7"
            y1="7"
            y2="7"
          />
        </svg>
      </div>
    </header>
    <div
      className="sc-bZQynM kFUlyb"
      style={Object {}}
    >
      <div
        style={
          Object {
            "height": "100%",
            "width": "100%",
          }
        }
      >
        <svg
          height={400}
          width={600}
          xmlns="http://www.w3.org/2000/svg"
        >
          <g
            transform="translate(0,0)"
          >
            <g
              className="nivo_treemap_node"
              transform="translate(10,10)"
            >
              <rect
                fill="#F00"
                height={221}
                stroke="#F00"
                strokeWidth={0}
                width={444}
              />
              <g
                transform="translate(222,110.5) rotate(0)"
              >
                <text
                  className="nivo_treemap_node_label"
                  dy="0.5em"
                  style={
                    Object {
                      "fill": "rgb(144, 0, 0)",
                    }
                  }
                  textAnchor="middle"
                >
                  label A 21
                </text>
              </g>
            </g>
            <g
              className="nivo_treemap_node"
              transform="translate(10,233)"
            >
              <rect
                fill="#F0F"
                height={157}
                stroke="#F0F"
                strokeWidth={0}
                width={444}
              />
              <g
                transform="translate(222,78.5) rotate(0)"
              >
                <text
                  className="nivo_treemap_node_label"
                  dy="0.5em"
                  style={
                    Object {
                      "fill": "rgb(144, 0, 144)",
                    }
                  }
                  textAnchor="middle"
                >
                  label B 15
                </text>
              </g>
            </g>
            <g
              className="nivo_treemap_node"
              transform="translate(456,10)"
            >
              <rect
                fill="#00F"
                height={380}
                stroke="#00F"
                strokeWidth={0}
                width={134}
              />
              <g
                transform="translate(67,190) rotate(-90)"
              >
                <text
                  className="nivo_treemap_node_label"
                  dy="0.5em"
                  style={
                    Object {
                      "fill": "rgb(0, 0, 144)",
                    }
                  }
                  textAnchor="middle"
                >
                  label C 11
                </text>
              </g>
            </g>
          </g>
        </svg>
      </div>
    </div>
  </div>
</div>
`;
