// Jest Snapshot v1, https://goo.gl/fbAQLP

exports[`should render as expected 1`] = `
<div
  className="sc-bdVaJa eydJRb"
  style={Object {}}
>
  <div
    className="sc-bwzfXH bJUZVN"
  >
    <header
      className="sc-htpNat lcyfRu"
      style={Object {}}
    >
      <span>
        <div
          className="sc-ifAKCX rpFvk"
        >
          <a
            href="https://gitlab.com/gitlab-org/gitlab-runner"
            rel="noopener noreferrer"
            target="_blank"
          >
            gitlab-runner
          </a>
        </div>
        Branches
        <div
          className="sc-bxivhb eDwDKI"
        >
          42
        </div>
      </span>
      <div
        className="sc-EHOje iJdEwV"
      >
        <svg
          fill="none"
          height="2vmin"
          stroke="#000"
          strokeLinecap="round"
          strokeLinejoin="round"
          strokeWidth="2"
          viewBox="0 0 24 24"
          width="2vmin"
          xmlns="http://www.w3.org/2000/svg"
        >
          <line
            x1="6"
            x2="6"
            y1="3"
            y2="15"
          />
          <circle
            cx="18"
            cy="6"
            r="3"
          />
          <circle
            cx="6"
            cy="18"
            r="3"
          />
          <path
            d="M18 9a9 9 0 0 1-9 9"
          />
        </svg>
      </div>
    </header>
    <div
      className="sc-bZQynM FCrnA"
      style={Object {}}
    >
      <div
        className="sc-dnqmqq Bpvft"
      >
        <div
          style={
            Object {
              "flexGrow": 1,
            }
          }
        >
          <div
            className="sc-iwsKbI gExwvp"
          >
            <div
              className="sc-bRBYWo cKoEL"
            >
              <a
                href="https://gitlab.com/gitlab-org/gitlab-runner/tree/0-6-stable"
                rel="noopener noreferrer"
                target="_blank"
              >
                <span
                  className="sc-jhAzac iJyIbn"
                  type="default"
                >
                  0-6-stable
                </span>
              </a>
               
              <a
                className="sc-hzDkRC buCWEB"
                href="https://gitlab.com/gitlab-org/gitlab-runner/commit/3227f0aa5be1d64d2ec694bd3758e0d43e92b36b"
                style={
                  Object {
                    "textDecoration": "underline",
                  }
                }
                target="_blank"
              >
                3227f0a
              </a>
            </div>
          </div>
          <div
            className="sc-fBuWsC dUciHS"
            type="default"
          >
            <span
              className="sc-fMiknA jrnBJM"
              type="default"
            >
              Fix 0.6.2 release
            </span>
            <span
              className="sc-dVhcbM guLjQn"
              style={
                Object {
                  "alignItems": "center",
                  "display": "flex",
                }
              }
              type="default"
            >
              <svg
                fill="none"
                height="1.8vmin"
                stroke="currentColor"
                strokeLinecap="round"
                strokeLinejoin="round"
                strokeWidth="2"
                viewBox="0 0 24 24"
                width="1.8vmin"
                xmlns="http://www.w3.org/2000/svg"
              >
                <circle
                  cx="12"
                  cy="12"
                  r="10"
                />
                <polyline
                  points="12 6 12 12 16 14"
                />
              </svg>
               
              4 years ago
            </span>
          </div>
        </div>
      </div>
      <div
        className="sc-dnqmqq Bpvft"
      >
        <div
          style={
            Object {
              "flexGrow": 1,
            }
          }
        >
          <div
            className="sc-iwsKbI gExwvp"
          >
            <div
              className="sc-bRBYWo cKoEL"
            >
              <a
                href="https://gitlab.com/gitlab-org/gitlab-runner/tree/0-7-stable"
                rel="noopener noreferrer"
                target="_blank"
              >
                <span
                  className="sc-eqIVtm lcfEeq"
                  type="default"
                >
                  0-7-stable
                </span>
              </a>
               
              <a
                className="sc-hzDkRC buCWEB"
                href="https://gitlab.com/gitlab-org/gitlab-runner/commit/998cf5d5ef3caf6535cc4c5f3279b08c3ee2ecc8"
                style={
                  Object {
                    "textDecoration": "underline",
                  }
                }
                target="_blank"
              >
                998cf5d
              </a>
            </div>
          </div>
          <div
            className="sc-fAjcbJ efLRoA"
            type="default"
          >
            <span
              className="sc-caSCKo gsheKy"
              type="default"
            >
              Fix compilation error
            </span>
            <span
              className="sc-gisBJw fLrGjf"
              style={
                Object {
                  "alignItems": "center",
                  "display": "flex",
                }
              }
              type="default"
            >
              <svg
                fill="none"
                height="1.8vmin"
                stroke="currentColor"
                strokeLinecap="round"
                strokeLinejoin="round"
                strokeWidth="2"
                viewBox="0 0 24 24"
                width="1.8vmin"
                xmlns="http://www.w3.org/2000/svg"
              >
                <circle
                  cx="12"
                  cy="12"
                  r="10"
                />
                <polyline
                  points="12 6 12 12 16 14"
                />
              </svg>
               
              4 years ago
            </span>
          </div>
        </div>
      </div>
      <div
        className="sc-dnqmqq Bpvft"
      >
        <div
          style={
            Object {
              "flexGrow": 1,
            }
          }
        >
          <div
            className="sc-iwsKbI gExwvp"
          >
            <div
              className="sc-bRBYWo cKoEL"
            >
              <a
                href="https://gitlab.com/gitlab-org/gitlab-runner/tree/1-0-stable"
                rel="noopener noreferrer"
                target="_blank"
              >
                <span
                  className="sc-kjoXOD fzXNWu"
                  type="default"
                >
                  1-0-stable
                </span>
              </a>
               
              <a
                className="sc-hzDkRC buCWEB"
                href="https://gitlab.com/gitlab-org/gitlab-runner/commit/907cfa5e0682e938691ba5f5d665ff8147833a89"
                style={
                  Object {
                    "textDecoration": "underline",
                  }
                }
                target="_blank"
              >
                907cfa5
              </a>
            </div>
          </div>
          <div
            className="sc-cHGsZl WCtRp"
            type="default"
          >
            <span
              className="sc-TOsTZ gRPmVI"
              type="default"
            >
              Fix error level checking for Windows Batch and PowerShell
            </span>
            <span
              className="sc-kgAjT fCRwiO"
              style={
                Object {
                  "alignItems": "center",
                  "display": "flex",
                }
              }
              type="default"
            >
              <svg
                fill="none"
                height="1.8vmin"
                stroke="currentColor"
                strokeLinecap="round"
                strokeLinejoin="round"
                strokeWidth="2"
                viewBox="0 0 24 24"
                width="1.8vmin"
                xmlns="http://www.w3.org/2000/svg"
              >
                <circle
                  cx="12"
                  cy="12"
                  r="10"
                />
                <polyline
                  points="12 6 12 12 16 14"
                />
              </svg>
               
              3 years ago
            </span>
          </div>
        </div>
      </div>
      <div
        className="sc-dnqmqq Bpvft"
      >
        <div
          style={
            Object {
              "flexGrow": 1,
            }
          }
        >
          <div
            className="sc-iwsKbI gExwvp"
          >
            <div
              className="sc-bRBYWo cKoEL"
            >
              <a
                href="https://gitlab.com/gitlab-org/gitlab-runner/tree/1-1-stable"
                rel="noopener noreferrer"
                target="_blank"
              >
                <span
                  className="sc-cJSrbW gySZQx"
                  type="default"
                >
                  1-1-stable
                </span>
              </a>
               
              <a
                className="sc-hzDkRC buCWEB"
                href="https://gitlab.com/gitlab-org/gitlab-runner/commit/67d3a962c2fab497b2ea5aea5730df49ae7ce5eb"
                style={
                  Object {
                    "textDecoration": "underline",
                  }
                }
                target="_blank"
              >
                67d3a96
              </a>
            </div>
          </div>
          <div
            className="sc-ksYbfQ cNsbJo"
            type="default"
          >
            <span
              className="sc-hmzhuo eBSWOy"
              type="default"
            >
              Add CI_BUILD_TOKEN
            </span>
            <span
              className="sc-frDJqD iRKYnb"
              style={
                Object {
                  "alignItems": "center",
                  "display": "flex",
                }
              }
              type="default"
            >
              <svg
                fill="none"
                height="1.8vmin"
                stroke="currentColor"
                strokeLinecap="round"
                strokeLinejoin="round"
                strokeWidth="2"
                viewBox="0 0 24 24"
                width="1.8vmin"
                xmlns="http://www.w3.org/2000/svg"
              >
                <circle
                  cx="12"
                  cy="12"
                  r="10"
                />
                <polyline
                  points="12 6 12 12 16 14"
                />
              </svg>
               
              3 years ago
            </span>
          </div>
        </div>
      </div>
      <div
        className="sc-dnqmqq Bpvft"
      >
        <div
          style={
            Object {
              "flexGrow": 1,
            }
          }
        >
          <div
            className="sc-iwsKbI gExwvp"
          >
            <div
              className="sc-bRBYWo cKoEL"
            >
              <a
                href="https://gitlab.com/gitlab-org/gitlab-runner/tree/1-10-stable"
                rel="noopener noreferrer"
                target="_blank"
              >
                <span
                  className="sc-kvZOFW diYVUk"
                  type="default"
                >
                  1-10-stable
                </span>
              </a>
               
              <a
                className="sc-hzDkRC buCWEB"
                href="https://gitlab.com/gitlab-org/gitlab-runner/commit/2c34bd0f2b7095836d943c3764bd78b7dee91296"
                style={
                  Object {
                    "textDecoration": "underline",
                  }
                }
                target="_blank"
              >
                2c34bd0
              </a>
            </div>
          </div>
          <div
            className="sc-hqyNC MjzeK"
            type="default"
          >
            <span
              className="sc-jbKcbu jDJzwL"
              type="default"
            >
              Update CHANGELOG for v1.10.8
            </span>
            <span
              className="sc-dNLxif fppWlp"
              style={
                Object {
                  "alignItems": "center",
                  "display": "flex",
                }
              }
              type="default"
            >
              <svg
                fill="none"
                height="1.8vmin"
                stroke="currentColor"
                strokeLinecap="round"
                strokeLinejoin="round"
                strokeWidth="2"
                viewBox="0 0 24 24"
                width="1.8vmin"
                xmlns="http://www.w3.org/2000/svg"
              >
                <circle
                  cx="12"
                  cy="12"
                  r="10"
                />
                <polyline
                  points="12 6 12 12 16 14"
                />
              </svg>
               
              2 years ago
            </span>
          </div>
        </div>
      </div>
      <div
        className="sc-dnqmqq Bpvft"
      >
        <div
          style={
            Object {
              "flexGrow": 1,
            }
          }
        >
          <div
            className="sc-iwsKbI gExwvp"
          >
            <div
              className="sc-bRBYWo cKoEL"
            >
              <a
                href="https://gitlab.com/gitlab-org/gitlab-runner/tree/1-11-stable"
                rel="noopener noreferrer"
                target="_blank"
              >
                <span
                  className="sc-jqCOkK yUUbG"
                  type="default"
                >
                  1-11-stable
                </span>
              </a>
               
              <a
                className="sc-hzDkRC buCWEB"
                href="https://gitlab.com/gitlab-org/gitlab-runner/commit/3f23e33b8146487592f303ab04cc68cdfb6364e9"
                style={
                  Object {
                    "textDecoration": "underline",
                  }
                }
                target="_blank"
              >
                3f23e33
              </a>
            </div>
          </div>
          <div
            className="sc-uJMKN kibNoF"
            type="default"
          >
            <span
              className="sc-bbmXgH iGdZSH"
              type="default"
            >
              Bump version to 1.11.6
            </span>
            <span
              className="sc-gGBfsJ ikBYXe"
              style={
                Object {
                  "alignItems": "center",
                  "display": "flex",
                }
              }
              type="default"
            >
              <svg
                fill="none"
                height="1.8vmin"
                stroke="currentColor"
                strokeLinecap="round"
                strokeLinejoin="round"
                strokeWidth="2"
                viewBox="0 0 24 24"
                width="1.8vmin"
                xmlns="http://www.w3.org/2000/svg"
              >
                <circle
                  cx="12"
                  cy="12"
                  r="10"
                />
                <polyline
                  points="12 6 12 12 16 14"
                />
              </svg>
               
              2 years ago
            </span>
          </div>
        </div>
      </div>
      <div
        className="sc-dnqmqq Bpvft"
      >
        <div
          style={
            Object {
              "flexGrow": 1,
            }
          }
        >
          <div
            className="sc-iwsKbI gExwvp"
          >
            <div
              className="sc-bRBYWo cKoEL"
            >
              <a
                href="https://gitlab.com/gitlab-org/gitlab-runner/tree/1-2-stable"
                rel="noopener noreferrer"
                target="_blank"
              >
                <span
                  className="sc-jnlKLf fipbgY"
                  type="default"
                >
                  1-2-stable
                </span>
              </a>
               
              <a
                className="sc-hzDkRC buCWEB"
                href="https://gitlab.com/gitlab-org/gitlab-runner/commit/b975f25a8661bdb0648448df1dcef6cd08994d49"
                style={
                  Object {
                    "textDecoration": "underline",
                  }
                }
                target="_blank"
              >
                b975f25
              </a>
            </div>
          </div>
          <div
            className="sc-fYxtnH cdBHcY"
            type="default"
          >
            <span
              className="sc-tilXH hdMSoT"
              type="default"
            >
              Update CHANGELOG
            </span>
            <span
              className="sc-hEsumM kLPkVa"
              style={
                Object {
                  "alignItems": "center",
                  "display": "flex",
                }
              }
              type="default"
            >
              <svg
                fill="none"
                height="1.8vmin"
                stroke="currentColor"
                strokeLinecap="round"
                strokeLinejoin="round"
                strokeWidth="2"
                viewBox="0 0 24 24"
                width="1.8vmin"
                xmlns="http://www.w3.org/2000/svg"
              >
                <circle
                  cx="12"
                  cy="12"
                  r="10"
                />
                <polyline
                  points="12 6 12 12 16 14"
                />
              </svg>
               
              3 years ago
            </span>
          </div>
        </div>
      </div>
      <div
        className="sc-dnqmqq Bpvft"
      >
        <div
          style={
            Object {
              "flexGrow": 1,
            }
          }
        >
          <div
            className="sc-iwsKbI gExwvp"
          >
            <div
              className="sc-bRBYWo cKoEL"
            >
              <a
                href="https://gitlab.com/gitlab-org/gitlab-runner/tree/1-3-stable"
                rel="noopener noreferrer"
                target="_blank"
              >
                <span
                  className="sc-ktHwxA fWoxwT"
                  type="default"
                >
                  1-3-stable
                </span>
              </a>
               
              <a
                className="sc-hzDkRC buCWEB"
                href="https://gitlab.com/gitlab-org/gitlab-runner/commit/3af07be2ae4f8bd289de2c1fdaafc800842de021"
                style={
                  Object {
                    "textDecoration": "underline",
                  }
                }
                target="_blank"
              >
                3af07be
              </a>
            </div>
          </div>
          <div
            className="sc-cIShpX kVtvRK"
            type="default"
          >
            <span
              className="sc-kafWEX jYJkUN"
              type="default"
            >
              Update VERSION to 1.3.5
            </span>
            <span
              className="sc-feJyhm cwWjYG"
              style={
                Object {
                  "alignItems": "center",
                  "display": "flex",
                }
              }
              type="default"
            >
              <svg
                fill="none"
                height="1.8vmin"
                stroke="currentColor"
                strokeLinecap="round"
                strokeLinejoin="round"
                strokeWidth="2"
                viewBox="0 0 24 24"
                width="1.8vmin"
                xmlns="http://www.w3.org/2000/svg"
              >
                <circle
                  cx="12"
                  cy="12"
                  r="10"
                />
                <polyline
                  points="12 6 12 12 16 14"
                />
              </svg>
               
              3 years ago
            </span>
          </div>
        </div>
      </div>
      <div
        className="sc-dnqmqq Bpvft"
      >
        <div
          style={
            Object {
              "flexGrow": 1,
            }
          }
        >
          <div
            className="sc-iwsKbI gExwvp"
          >
            <div
              className="sc-bRBYWo cKoEL"
            >
              <a
                href="https://gitlab.com/gitlab-org/gitlab-runner/tree/1-4-stable"
                rel="noopener noreferrer"
                target="_blank"
              >
                <span
                  className="sc-iELTvK iJXJhG"
                  type="default"
                >
                  1-4-stable
                </span>
              </a>
               
              <a
                className="sc-hzDkRC buCWEB"
                href="https://gitlab.com/gitlab-org/gitlab-runner/commit/6f15e0a75c3e0aaf3b2f38afcc7bad6a655a61d0"
                style={
                  Object {
                    "textDecoration": "underline",
                  }
                }
                target="_blank"
              >
                6f15e0a
              </a>
            </div>
          </div>
          <div
            className="sc-cmTdod fHIqTD"
            type="default"
          >
            <span
              className="sc-jwKygS iDRljf"
              type="default"
            >
              Merge branch 'feature/changelog-entries-generator' into 'master'
            </span>
            <span
              className="sc-btzYZH dNQKfd"
              style={
                Object {
                  "alignItems": "center",
                  "display": "flex",
                }
              }
              type="default"
            >
              <svg
                fill="none"
                height="1.8vmin"
                stroke="currentColor"
                strokeLinecap="round"
                strokeLinejoin="round"
                strokeWidth="2"
                viewBox="0 0 24 24"
                width="1.8vmin"
                xmlns="http://www.w3.org/2000/svg"
              >
                <circle
                  cx="12"
                  cy="12"
                  r="10"
                />
                <polyline
                  points="12 6 12 12 16 14"
                />
              </svg>
               
              3 years ago
            </span>
          </div>
        </div>
      </div>
      <div
        className="sc-dnqmqq Bpvft"
      >
        <div
          style={
            Object {
              "flexGrow": 1,
            }
          }
        >
          <div
            className="sc-iwsKbI gExwvp"
          >
            <div
              className="sc-bRBYWo cKoEL"
            >
              <a
                href="https://gitlab.com/gitlab-org/gitlab-runner/tree/1-5-stable"
                rel="noopener noreferrer"
                target="_blank"
              >
                <span
                  className="sc-lhVmIH jyKMqP"
                  type="default"
                >
                  1-5-stable
                </span>
              </a>
               
              <a
                className="sc-hzDkRC buCWEB"
                href="https://gitlab.com/gitlab-org/gitlab-runner/commit/80d7eec767e633354ff4e51f46d2284ca7f578bd"
                style={
                  Object {
                    "textDecoration": "underline",
                  }
                }
                target="_blank"
              >
                80d7eec
              </a>
            </div>
          </div>
          <div
            className="sc-bYSBpT LLiSK"
            type="default"
          >
            <span
              className="sc-elJkPf tYSSR"
              type="default"
            >
              Merge branch 'feature/changelog-entries-generator' into 'master'
            </span>
            <span
              className="sc-jtRfpW iTVYOW"
              style={
                Object {
                  "alignItems": "center",
                  "display": "flex",
                }
              }
              type="default"
            >
              <svg
                fill="none"
                height="1.8vmin"
                stroke="currentColor"
                strokeLinecap="round"
                strokeLinejoin="round"
                strokeWidth="2"
                viewBox="0 0 24 24"
                width="1.8vmin"
                xmlns="http://www.w3.org/2000/svg"
              >
                <circle
                  cx="12"
                  cy="12"
                  r="10"
                />
                <polyline
                  points="12 6 12 12 16 14"
                />
              </svg>
               
              3 years ago
            </span>
          </div>
        </div>
      </div>
      <div
        className="sc-dnqmqq Bpvft"
      >
        <div
          style={
            Object {
              "flexGrow": 1,
            }
          }
        >
          <div
            className="sc-iwsKbI gExwvp"
          >
            <div
              className="sc-bRBYWo cKoEL"
            >
              <a
                href="https://gitlab.com/gitlab-org/gitlab-runner/tree/1-6-stable"
                rel="noopener noreferrer"
                target="_blank"
              >
                <span
                  className="sc-kTUwUJ doykQJ"
                  type="default"
                >
                  1-6-stable
                </span>
              </a>
               
              <a
                className="sc-hzDkRC buCWEB"
                href="https://gitlab.com/gitlab-org/gitlab-runner/commit/765f5a595efcb6fd9c565d9e86f93839a7d0495f"
                style={
                  Object {
                    "textDecoration": "underline",
                  }
                }
                target="_blank"
              >
                765f5a5
              </a>
            </div>
          </div>
          <div
            className="sc-dqBHgY gRYrZB"
            type="default"
          >
            <span
              className="sc-gxMtzJ kIvVxJ"
              type="default"
            >
              Merge branch '1754-squash-no-tls-connection-state-warning' into 'master'
            </span>
            <span
              className="sc-dfVpRl hlUFgH"
              style={
                Object {
                  "alignItems": "center",
                  "display": "flex",
                }
              }
              type="default"
            >
              <svg
                fill="none"
                height="1.8vmin"
                stroke="currentColor"
                strokeLinecap="round"
                strokeLinejoin="round"
                strokeWidth="2"
                viewBox="0 0 24 24"
                width="1.8vmin"
                xmlns="http://www.w3.org/2000/svg"
              >
                <circle
                  cx="12"
                  cy="12"
                  r="10"
                />
                <polyline
                  points="12 6 12 12 16 14"
                />
              </svg>
               
              3 years ago
            </span>
          </div>
        </div>
      </div>
      <div
        className="sc-dnqmqq Bpvft"
      >
        <div
          style={
            Object {
              "flexGrow": 1,
            }
          }
        >
          <div
            className="sc-iwsKbI gExwvp"
          >
            <div
              className="sc-bRBYWo cKoEL"
            >
              <a
                href="https://gitlab.com/gitlab-org/gitlab-runner/tree/1-7-stable"
                rel="noopener noreferrer"
                target="_blank"
              >
                <span
                  className="sc-gzOgki fdbeJi"
                  type="default"
                >
                  1-7-stable
                </span>
              </a>
               
              <a
                className="sc-hzDkRC buCWEB"
                href="https://gitlab.com/gitlab-org/gitlab-runner/commit/e9a6d506d02ba37bad8aafd3ca45919ea990c202"
                style={
                  Object {
                    "textDecoration": "underline",
                  }
                }
                target="_blank"
              >
                e9a6d50
              </a>
            </div>
          </div>
          <div
            className="sc-iyvyFf jZbiSn"
            type="default"
          >
            <span
              className="sc-hwwEjo lnoKn"
              type="default"
            >
              Update CHANGELOG for v1.7.5
            </span>
            <span
              className="sc-kPVwWT HALYs"
              style={
                Object {
                  "alignItems": "center",
                  "display": "flex",
                }
              }
              type="default"
            >
              <svg
                fill="none"
                height="1.8vmin"
                stroke="currentColor"
                strokeLinecap="round"
                strokeLinejoin="round"
                strokeWidth="2"
                viewBox="0 0 24 24"
                width="1.8vmin"
                xmlns="http://www.w3.org/2000/svg"
              >
                <circle
                  cx="12"
                  cy="12"
                  r="10"
                />
                <polyline
                  points="12 6 12 12 16 14"
                />
              </svg>
               
              3 years ago
            </span>
          </div>
        </div>
      </div>
      <div
        className="sc-dnqmqq Bpvft"
      >
        <div
          style={
            Object {
              "flexGrow": 1,
            }
          }
        >
          <div
            className="sc-iwsKbI gExwvp"
          >
            <div
              className="sc-bRBYWo cKoEL"
            >
              <a
                href="https://gitlab.com/gitlab-org/gitlab-runner/tree/1-8-stable"
                rel="noopener noreferrer"
                target="_blank"
              >
                <span
                  className="sc-kfGgVZ fKUaQR"
                  type="default"
                >
                  1-8-stable
                </span>
              </a>
               
              <a
                className="sc-hzDkRC buCWEB"
                href="https://gitlab.com/gitlab-org/gitlab-runner/commit/ddb7a8169dc6425ff8f3c591f23e6dcf961e7f82"
                style={
                  Object {
                    "textDecoration": "underline",
                  }
                }
                target="_blank"
              >
                ddb7a81
              </a>
            </div>
          </div>
          <div
            className="sc-esjQYD jrLyHK"
            type="default"
          >
            <span
              className="sc-kIPQKe ztPOq"
              type="default"
            >
              Update CHANGELOG for v1.8.8
            </span>
            <span
              className="sc-eXEjpC inWLdE"
              style={
                Object {
                  "alignItems": "center",
                  "display": "flex",
                }
              }
              type="default"
            >
              <svg
                fill="none"
                height="1.8vmin"
                stroke="currentColor"
                strokeLinecap="round"
                strokeLinejoin="round"
                strokeWidth="2"
                viewBox="0 0 24 24"
                width="1.8vmin"
                xmlns="http://www.w3.org/2000/svg"
              >
                <circle
                  cx="12"
                  cy="12"
                  r="10"
                />
                <polyline
                  points="12 6 12 12 16 14"
                />
              </svg>
               
              2 years ago
            </span>
          </div>
        </div>
      </div>
      <div
        className="sc-dnqmqq Bpvft"
      >
        <div
          style={
            Object {
              "flexGrow": 1,
            }
          }
        >
          <div
            className="sc-iwsKbI gExwvp"
          >
            <div
              className="sc-bRBYWo cKoEL"
            >
              <a
                href="https://gitlab.com/gitlab-org/gitlab-runner/tree/1-9-stable"
                rel="noopener noreferrer"
                target="_blank"
              >
                <span
                  className="sc-ibxdXY bDzDOr"
                  type="default"
                >
                  1-9-stable
                </span>
              </a>
               
              <a
                className="sc-hzDkRC buCWEB"
                href="https://gitlab.com/gitlab-org/gitlab-runner/commit/79b5c463af1e31140245a36cf41b149a36b64c1d"
                style={
                  Object {
                    "textDecoration": "underline",
                  }
                }
                target="_blank"
              >
                79b5c46
              </a>
            </div>
          </div>
          <div
            className="sc-RefOD iCZNqy"
            type="default"
          >
            <span
              className="sc-iQKALj gPNkNM"
              type="default"
            >
              Update CHANGELOG for v1.9.10
            </span>
            <span
              className="sc-bwCtUz kMeADu"
              style={
                Object {
                  "alignItems": "center",
                  "display": "flex",
                }
              }
              type="default"
            >
              <svg
                fill="none"
                height="1.8vmin"
                stroke="currentColor"
                strokeLinecap="round"
                strokeLinejoin="round"
                strokeWidth="2"
                viewBox="0 0 24 24"
                width="1.8vmin"
                xmlns="http://www.w3.org/2000/svg"
              >
                <circle
                  cx="12"
                  cy="12"
                  r="10"
                />
                <polyline
                  points="12 6 12 12 16 14"
                />
              </svg>
               
              2 years ago
            </span>
          </div>
        </div>
      </div>
      <div
        className="sc-dnqmqq Bpvft"
      >
        <div
          style={
            Object {
              "flexGrow": 1,
            }
          }
        >
          <div
            className="sc-iwsKbI gExwvp"
          >
            <div
              className="sc-bRBYWo cKoEL"
            >
              <a
                href="https://gitlab.com/gitlab-org/gitlab-runner/tree/10-0-stable"
                rel="noopener noreferrer"
                target="_blank"
              >
                <span
                  className="sc-hrWEMg CLfUO"
                  type="default"
                >
                  10-0-stable
                </span>
              </a>
               
              <a
                className="sc-hzDkRC buCWEB"
                href="https://gitlab.com/gitlab-org/gitlab-runner/commit/a5c0deb1808c1d4a597512c9b20176ac3414a27c"
                style={
                  Object {
                    "textDecoration": "underline",
                  }
                }
                target="_blank"
              >
                a5c0deb
              </a>
            </div>
          </div>
          <div
            className="sc-eTuwsz jjFoLM"
            type="default"
          >
            <span
              className="sc-gwVKww kmzzGc"
              type="default"
            >
              Merge branch 'update-changelog' into 'master'
            </span>
            <span
              className="sc-hXRMBi iBauTC"
              style={
                Object {
                  "alignItems": "center",
                  "display": "flex",
                }
              }
              type="default"
            >
              <svg
                fill="none"
                height="1.8vmin"
                stroke="currentColor"
                strokeLinecap="round"
                strokeLinejoin="round"
                strokeWidth="2"
                viewBox="0 0 24 24"
                width="1.8vmin"
                xmlns="http://www.w3.org/2000/svg"
              >
                <circle
                  cx="12"
                  cy="12"
                  r="10"
                />
                <polyline
                  points="12 6 12 12 16 14"
                />
              </svg>
               
              2 years ago
            </span>
          </div>
        </div>
      </div>
      <div
        className="sc-dnqmqq Bpvft"
      >
        <div
          style={
            Object {
              "flexGrow": 1,
            }
          }
        >
          <div
            className="sc-iwsKbI gExwvp"
          >
            <div
              className="sc-bRBYWo cKoEL"
            >
              <a
                href="https://gitlab.com/gitlab-org/gitlab-runner/tree/10-1-stable"
                rel="noopener noreferrer"
                target="_blank"
              >
                <span
                  className="sc-epnACN kvKNzq"
                  type="default"
                >
                  10-1-stable
                </span>
              </a>
               
              <a
                className="sc-hzDkRC buCWEB"
                href="https://gitlab.com/gitlab-org/gitlab-runner/commit/a0152c4c791f1cf306bf2283332222c4e22a7d0f"
                style={
                  Object {
                    "textDecoration": "underline",
                  }
                }
                target="_blank"
              >
                a0152c4
              </a>
            </div>
          </div>
          <div
            className="sc-iQNlJl csJHZX"
            type="default"
          >
            <span
              className="sc-bsbRJL fSsKQV"
              type="default"
            >
              Merge branch '10-1-stable-patch-1' into 10-1-stable
            </span>
            <span
              className="sc-hZSUBg cbFHmF"
              style={
                Object {
                  "alignItems": "center",
                  "display": "flex",
                }
              }
              type="default"
            >
              <svg
                fill="none"
                height="1.8vmin"
                stroke="currentColor"
                strokeLinecap="round"
                strokeLinejoin="round"
                strokeWidth="2"
                viewBox="0 0 24 24"
                width="1.8vmin"
                xmlns="http://www.w3.org/2000/svg"
              >
                <circle
                  cx="12"
                  cy="12"
                  r="10"
                />
                <polyline
                  points="12 6 12 12 16 14"
                />
              </svg>
               
              2 years ago
            </span>
          </div>
        </div>
      </div>
      <div
        className="sc-dnqmqq Bpvft"
      >
        <div
          style={
            Object {
              "flexGrow": 1,
            }
          }
        >
          <div
            className="sc-iwsKbI gExwvp"
          >
            <div
              className="sc-bRBYWo cKoEL"
            >
              <a
                href="https://gitlab.com/gitlab-org/gitlab-runner/tree/10-2-stable"
                rel="noopener noreferrer"
                target="_blank"
              >
                <span
                  className="sc-cMhqgX hvCTAJ"
                  type="default"
                >
                  10-2-stable
                </span>
              </a>
               
              <a
                className="sc-hzDkRC buCWEB"
                href="https://gitlab.com/gitlab-org/gitlab-runner/commit/f157dc9f57628676c11d9dc2970653be9830cc94"
                style={
                  Object {
                    "textDecoration": "underline",
                  }
                }
                target="_blank"
              >
                f157dc9
              </a>
            </div>
          </div>
          <div
            className="sc-iuJeZd fLvBSu"
            type="default"
          >
            <span
              className="sc-esOvli drXHve"
              type="default"
            >
              Merge branch '10-2-stable-patch-1' into 10-2-stable
            </span>
            <span
              className="sc-cmthru jGWEdj"
              style={
                Object {
                  "alignItems": "center",
                  "display": "flex",
                }
              }
              type="default"
            >
              <svg
                fill="none"
                height="1.8vmin"
                stroke="currentColor"
                strokeLinecap="round"
                strokeLinejoin="round"
                strokeWidth="2"
                viewBox="0 0 24 24"
                width="1.8vmin"
                xmlns="http://www.w3.org/2000/svg"
              >
                <circle
                  cx="12"
                  cy="12"
                  r="10"
                />
                <polyline
                  points="12 6 12 12 16 14"
                />
              </svg>
               
              2 years ago
            </span>
          </div>
        </div>
      </div>
      <div
        className="sc-dnqmqq Bpvft"
      >
        <div
          style={
            Object {
              "flexGrow": 1,
            }
          }
        >
          <div
            className="sc-iwsKbI gExwvp"
          >
            <div
              className="sc-bRBYWo cKoEL"
            >
              <a
                href="https://gitlab.com/gitlab-org/gitlab-runner/tree/10-3-stable"
                rel="noopener noreferrer"
                target="_blank"
              >
                <span
                  className="sc-hMFtBS knBpIk"
                  type="default"
                >
                  10-3-stable
                </span>
              </a>
               
              <a
                className="sc-hzDkRC buCWEB"
                href="https://gitlab.com/gitlab-org/gitlab-runner/commit/35afcf653c5567d9be30bf197f62e68c0fa57fb6"
                style={
                  Object {
                    "textDecoration": "underline",
                  }
                }
                target="_blank"
              >
                35afcf6
              </a>
            </div>
          </div>
          <div
            className="sc-cLQEGU zLips"
            type="default"
          >
            <span
              className="sc-gqPbQI eepRYr"
              type="default"
            >
              Merge branch '10-3-stable-patch-1' into 10-3-stable
            </span>
            <span
              className="sc-hORach jtztwf"
              style={
                Object {
                  "alignItems": "center",
                  "display": "flex",
                }
              }
              type="default"
            >
              <svg
                fill="none"
                height="1.8vmin"
                stroke="currentColor"
                strokeLinecap="round"
                strokeLinejoin="round"
                strokeWidth="2"
                viewBox="0 0 24 24"
                width="1.8vmin"
                xmlns="http://www.w3.org/2000/svg"
              >
                <circle
                  cx="12"
                  cy="12"
                  r="10"
                />
                <polyline
                  points="12 6 12 12 16 14"
                />
              </svg>
               
              2 years ago
            </span>
          </div>
        </div>
      </div>
      <div
        className="sc-dnqmqq Bpvft"
      >
        <div
          style={
            Object {
              "flexGrow": 1,
            }
          }
        >
          <div
            className="sc-iwsKbI gExwvp"
          >
            <div
              className="sc-bRBYWo cKoEL"
            >
              <a
                href="https://gitlab.com/gitlab-org/gitlab-runner/tree/10-4-stable"
                rel="noopener noreferrer"
                target="_blank"
              >
                <span
                  className="sc-bMVAic hlVZcl"
                  type="default"
                >
                  10-4-stable
                </span>
              </a>
               
              <a
                className="sc-hzDkRC buCWEB"
                href="https://gitlab.com/gitlab-org/gitlab-runner/commit/857480b64b013d8edffaf70e4b7ea43ee1c66a9e"
                style={
                  Object {
                    "textDecoration": "underline",
                  }
                }
                target="_blank"
              >
                857480b
              </a>
            </div>
          </div>
          <div
            className="sc-bAeIUo ivQGGj"
            type="default"
          >
            <span
              className="sc-iujRgT evVAhi"
              type="default"
            >
              Update CHANGELOG for v10.4.0
            </span>
            <span
              className="sc-GMQeP eRPxGi"
              style={
                Object {
                  "alignItems": "center",
                  "display": "flex",
                }
              }
              type="default"
            >
              <svg
                fill="none"
                height="1.8vmin"
                stroke="currentColor"
                strokeLinecap="round"
                strokeLinejoin="round"
                strokeWidth="2"
                viewBox="0 0 24 24"
                width="1.8vmin"
                xmlns="http://www.w3.org/2000/svg"
              >
                <circle
                  cx="12"
                  cy="12"
                  r="10"
                />
                <polyline
                  points="12 6 12 12 16 14"
                />
              </svg>
               
              2 years ago
            </span>
          </div>
        </div>
      </div>
      <div
        className="sc-dnqmqq Bpvft"
      >
        <div
          style={
            Object {
              "flexGrow": 1,
            }
          }
        >
          <div
            className="sc-iwsKbI gExwvp"
          >
            <div
              className="sc-bRBYWo cKoEL"
            >
              <a
                href="https://gitlab.com/gitlab-org/gitlab-runner/tree/10-5-stable"
                rel="noopener noreferrer"
                target="_blank"
              >
                <span
                  className="sc-exAgwC btnmfi"
                  type="default"
                >
                  10-5-stable
                </span>
              </a>
               
              <a
                className="sc-hzDkRC buCWEB"
                href="https://gitlab.com/gitlab-org/gitlab-runner/commit/80b03db9893ab1668ac601909c1a1bf29d476035"
                style={
                  Object {
                    "textDecoration": "underline",
                  }
                }
                target="_blank"
              >
                80b03db
              </a>
            </div>
          </div>
          <div
            className="sc-cQFLBn djIblQ"
            type="default"
          >
            <span
              className="sc-gojNiO fbsmFY"
              type="default"
            >
              v10.5.0 changelog
            </span>
            <span
              className="sc-daURTG gsvlKc"
              style={
                Object {
                  "alignItems": "center",
                  "display": "flex",
                }
              }
              type="default"
            >
              <svg
                fill="none"
                height="1.8vmin"
                stroke="currentColor"
                strokeLinecap="round"
                strokeLinejoin="round"
                strokeWidth="2"
                viewBox="0 0 24 24"
                width="1.8vmin"
                xmlns="http://www.w3.org/2000/svg"
              >
                <circle
                  cx="12"
                  cy="12"
                  r="10"
                />
                <polyline
                  points="12 6 12 12 16 14"
                />
              </svg>
               
              a year ago
            </span>
          </div>
        </div>
      </div>
    </div>
  </div>
</div>
`;
